Stack Allocation = 4096 bytes

 Start  Stop   Length Name                   Class
 00000H 02571H 02572H _TEXT                  CODE
 02572H 02599H 00028H CSVC_HP_TEXT           CODE
 0259AH 02695H 000FCH LHSTUB_TEXT            CODE
 02696H 027FAH 00165H COUGRAPH_TEXT          CODE
 027FCH 02AE6H 002EBH CAPSEG                 CODE
 02AE8H 02D2EH 00247H DRAWTEXT_TEXT          CODE
 02D30H 02E0AH 000DBH CLOCK_TEXT             CODE
 02E10H 02E11H 00002H EMULATOR_TEXT          CODE
 02E12H 02E12H 00000H C_ETEXT                ENDCODE
 02E20H 02E20H 00000H EMULATOR_DATA          FAR_DATA
 02E20H 02E61H 00042H NULL                   BEGDATA
 02E62H 03C55H 00DF4H _DATA                  DATA
 03C56H 03C57H 00002H XIQC                   DATA
 03C58H 03C65H 0000EH DBDATA                 DATA
 03C66H 03C73H 0000EH CDATA                  DATA
 03C74H 03C74H 00000H XIFB                   DATA
 03C74H 03C74H 00000H XIF                    DATA
 03C74H 03C74H 00000H XIFE                   DATA
 03C74H 03C74H 00000H XIB                    DATA
 03C74H 03C74H 00000H XI                     DATA
 03C74H 03C74H 00000H XIE                    DATA
 03C74H 03C74H 00000H XPB                    DATA
 03C74H 03C74H 00000H XP                     DATA
 03C74H 03C74H 00000H XPE                    DATA
 03C74H 03C74H 00000H XCB                    DATA
 03C74H 03C74H 00000H XC                     DATA
 03C74H 03C74H 00000H XCE                    DATA
 03C74H 03C74H 00000H XCFB                   DATA
 03C74H 03C74H 00000H XCF                    DATA
 03C74H 03C74H 00000H XCFE                   DATA
 03C74H 03C74H 00000H CONST                  CONST
 03C74H 03C7BH 00008H HDR                    MSG
 03C7CH 03D51H 000D6H MSG                    MSG
 03D52H 03D53H 00002H PAD                    MSG
 03D54H 03D54H 00001H EPAD                   MSG
 03D56H 03FABH 00256H _BSS                   BSS
 03FACH 03FACH 00000H XOB                    BSS
 03FACH 03FACH 00000H XO                     BSS
 03FACH 03FACH 00000H XOE                    BSS
 03FB0H 050C1H 01112H c_common               BSS
 050D0H 060CFH 01000H STACK                  STACK

 Origin   Group
 02E2:0   DGROUP

Program entry point at 0000:1CDE
